[krakenbox.net/warzone/index04b9.html]
[backblue.gif]
[fade.gif]
[index.html]
[krakenbox.net/warzone/feed/index.html]
[krakenbox.net/warzone/comments/feed/index.html]
[krakenbox.net/warzone/wp-includes/js/jquery/jquery4a5f.js]
[krakenbox.net/warzone/wp-includes/js/jquery/jquery-migrate.min330a.js]
[krakenbox.net/warzone/wp-content/plugins/template-kit-export/public/assets/js/template-kit-export-public.min18c7.js]
[krakenbox.net/warzone/wp-json/index.html]
[krakenbox.net/warzone/wp-json/oembed/1.0/embede0c7.json]
[krakenbox.net/warzone/wp-json/oembed/1.0/embed23c7]
[krakenbox.net/warzone/wp-content/uploads/sites/3/elementor/thumbs/team1-oqavpbjgtd8v83ph4vajgymvfbip3ankmes95aq7mo.png]
[krakenbox.net/warzone/wp-content/uploads/sites/3/2020/05/team1.png]
[krakenbox.net/warzone/index.html]
[krakenbox.net/warzone/wp-content/uploads/sites/3/2020/05/slide3.jpg]
[krakenbox.net/warzone/wp-content/uploads/sites/3/2020/05/team2.png]
[krakenbox.net/warzone/template-kit/our-squad/index.html]
[krakenbox.net/warzone/template-kit/homepage/index.html]
[krakenbox.net/warzone/wp-content/uploads/sites/3/2020/05/team3.png]
[krakenbox.net/warzone/template-kit/about-clan/index.html]
[krakenbox.net/warzone/wp-content/uploads/sites/3/2020/05/6p.png]
[krakenbox.net/warzone/template-kit/player-profile/index.html]
[krakenbox.net/warzone/wp-content/uploads/sites/3/2020/05/5p.png]
[krakenbox.net/warzone/template-kit/our-matches/index.html]
[krakenbox.net/warzone/wp-content/uploads/sites/3/2020/05/4p.png]
[krakenbox.net/warzone/template-kit/404-error-page/index.html]
[krakenbox.net/warzone/template-kit/gallery/index.html]
[krakenbox.net/warzone/wp-content/uploads/sites/3/2020/05/3p.png]
[krakenbox.net/warzone/wp-content/uploads/sites/3/2020/05/2p.png]
[krakenbox.net/warzone/wp-content/uploads/sites/3/2020/05/1p.png]
[krakenbox.net/warzone/wp-content/uploads/sites/3/2020/05/slide8.jpg]
[krakenbox.net/warzone/template-kit/our-streams/index.html]
[krakenbox.net/warzone/wp-content/uploads/sites/3/2020/05/slide2.jpg]
[krakenbox.net/warzone/wp-content/uploads/sites/3/2020/05/team1-150x150.png]
[krakenbox.net/warzone/wp-content/uploads/sites/3/2020/05/team3-150x150.png]
[krakenbox.net/warzone/wp-content/uploads/sites/3/2020/05/team4-150x150.png]
[krakenbox.net/warzone/wp-content/uploads/sites/3/2020/05/m1.jpg]
[krakenbox.net/warzone/wp-content/uploads/sites/3/2020/05/m2.jpg]
[krakenbox.net/warzone/wp-content/uploads/sites/3/2020/05/m3.jpg]
[krakenbox.net/warzone/wp-content/plugins/elementskit-lite/widgets/mail-chimp/assets/js/mail-chimp5152.js]
[krakenbox.net/warzone/wp-content/plugins/elementskit-lite/widgets/init/assets/js/nav-menu7661.js]
[krakenbox.net/warzone/wp-content/plugins/elementskit-lite/widgets/init/assets/js/ui-slim.min7661.js]
[krakenbox.net/warzone/wp-includes/js/wp-embed.min7661.js]
[krakenbox.net/warzone/wp-content/plugins/elementor/assets/lib/jquery-numerator/jquery-numerator.min3958.js]
[krakenbox.net/warzone/wp-content/plugins/elementor/assets/js/frontend-modules.mincaa5.js]
[krakenbox.net/warzone/wp-includes/js/jquery/ui/position.mine899.js]
[krakenbox.net/warzone/wp-content/plugins/elementor/assets/lib/dialog/dialog.minae9e.js]
[krakenbox.net/warzone/wp-content/plugins/elementor/assets/lib/waypoints/waypoints.min05da.js]
[krakenbox.net/warzone/wp-content/plugins/elementor/assets/lib/swiper/swiper.min48f5.js]
[krakenbox.net/warzone/wp-content/plugins/elementor/assets/lib/share-link/share-link.mincaa5.js]
[krakenbox.net/warzone/wp-content/plugins/elementor/assets/js/frontend.mincaa5.js]
[krakenbox.net/warzone/template-kit/our-sponsors/index.html]
[krakenbox.net/warzone/wp-content/plugins/elementskit-lite/widgets/init/assets/js/elementor00e2.js]
[krakenbox.net/warzone/wp-content/plugins/elementskit-lite/modules/controls/assets/js/widgetarea-editor00e2.js]
[krakenbox.net/warzone/index04b9.html]
[krakenbox.net/warzone/wp-content/plugins/elementor/assets/css/frontend.mincaa5.css]
[krakenbox.net/warzone/wp-content/uploads/sites/3/elementor/css/post-125d4b0.css]
[krakenbox.net/warzone/wp-content/plugins/header-footer-elementor/inc/widgets-css/frontendcc1a.css]
[krakenbox.net/warzone/wp-content/uploads/sites/3/elementor/css/post-1523d18.css]
[krakenbox.net/warzone/wp-includes/css/dist/block-library/style.min7661.css]
[krakenbox.net/warzone/wp-content/plugins/template-kit-export/public/assets/css/template-kit-export-public.min18c7.css]
[krakenbox.net/warzone/wp-content/plugins/header-footer-elementor/assets/css/header-footer-elementorcc1a.css]
[krakenbox.net/warzone/wp-content/plugins/elementor/assets/lib/eicons/fonts/eiconsf884.eot]
[krakenbox.net/warzone/wp-content/plugins/elementor/assets/lib/eicons/fonts/eiconsf884.woff]
[krakenbox.net/warzone/wp-content/plugins/elementor/assets/lib/eicons/fonts/eiconsf884.ttf]
[krakenbox.net/warzone/wp-content/plugins/elementor/assets/lib/eicons/css/elementor-icons.min87e8.css]
[krakenbox.net/warzone/wp-content/plugins/elementor/assets/lib/animations/animations.mincaa5.css]
[krakenbox.net/warzone/wp-content/plugins/powerpack-lite-for-elementor/assets/css/frontend4826.css]
[krakenbox.net/warzone/wp-content/plugins/elementskit-lite/modules/controls/assets/css/widgetarea-editor8a54.css]
[krakenbox.net/warzone/wp-content/uploads/sites/3/2020/05/slide5.jpg]
[krakenbox.net/warzone/wp-content/uploads/sites/3/2020/05/slide1.jpg]
[krakenbox.net/warzone/wp-content/uploads/sites/3/2020/05/slide9.jpg]
[krakenbox.net/warzone/wp-content/uploads/sites/3/elementor/css/post-2c532.css]
[krakenbox.net/warzone/wp-content/themes/hello-elementor/style.min3601.css]
[krakenbox.net/warzone/wp-content/themes/hello-elementor/theme.min3601.css]
[krakenbox.net/warzone/wp-content/plugins/elementskit-lite/libs/framework/assets/css/frontend-style.min00e2.css]
[krakenbox.net/warzone/wp-content/plugins/elementskit-lite/widgets/init/assets/fonts/elementskit97ac.woff]
[krakenbox.net/warzone/wp-content/plugins/elementskit-lite/widgets/init/assets/img/ajax-loader.gif]
[krakenbox.net/warzone/wp-content/plugins/elementskit-lite/widgets/init/assets/fonts/slick.eot]
[krakenbox.net/warzone/wp-content/plugins/elementskit-lite/widgets/init/assets/fonts/slickd41d.eot]
[krakenbox.net/warzone/wp-content/plugins/elementskit-lite/widgets/init/assets/fonts/slick.woff]
[krakenbox.net/warzone/wp-content/plugins/elementskit-lite/widgets/init/assets/fonts/slick.ttf]
[krakenbox.net/warzone/wp-content/plugins/elementskit-lite/widgets/init/assets/img/arrow.png]
[krakenbox.net/warzone/wp-content/plugins/elementskit-lite/widgets/init/assets/img/sort_asc.png]
[krakenbox.net/warzone/wp-content/plugins/elementskit-lite/widgets/init/assets/img/sort_desc.png]
[krakenbox.net/warzone/wp-content/plugins/elementskit-lite/widgets/init/assets/img/sort_asc_disabled.png]
[krakenbox.net/warzone/wp-content/plugins/elementskit-lite/widgets/init/assets/css/vendors00e2.css]
[krakenbox.net/warzone/wp-content/plugins/elementskit-lite/widgets/init/assets/css/style00e2.css]
[krakenbox.net/warzone/wp-content/plugins/elementskit-lite/widgets/init/assets/css/responsive00e2.css]
[krakenbox.net/warzone/wp-content/plugins/elementor/assets/lib/font-awesome/css/fontawesome.minb683.css]
[krakenbox.net/warzone/wp-content/plugins/elementor/assets/lib/font-awesome/webfonts/fa-solid-900.eot]
[krakenbox.net/warzone/wp-content/plugins/elementor/assets/lib/font-awesome/webfonts/fa-solid-900d41d.eot]
[krakenbox.net/warzone/wp-content/plugins/elementor/assets/lib/font-awesome/webfonts/fa-solid-900.woff2]
[krakenbox.net/warzone/wp-content/plugins/elementor/assets/lib/font-awesome/webfonts/fa-solid-900.woff]
[krakenbox.net/warzone/wp-content/plugins/elementor/assets/lib/font-awesome/webfonts/fa-solid-900.ttf]
[krakenbox.net/warzone/wp-content/plugins/elementor/assets/lib/font-awesome/css/solid.minb683.css]
[krakenbox.net/warzone/wp-content/plugins/elementor/assets/lib/font-awesome/webfonts/fa-brands-400.eot]
[krakenbox.net/warzone/wp-content/plugins/elementor/assets/lib/font-awesome/webfonts/fa-brands-400d41d.eot]
[krakenbox.net/warzone/wp-content/plugins/elementor/assets/lib/font-awesome/webfonts/fa-brands-400.woff2]
[krakenbox.net/warzone/wp-content/plugins/elementor/assets/lib/font-awesome/webfonts/fa-brands-400.woff]
[krakenbox.net/warzone/wp-content/plugins/elementor/assets/lib/font-awesome/webfonts/fa-brands-400.ttf]
[krakenbox.net/warzone/wp-content/plugins/elementor/assets/lib/font-awesome/css/brands.minb683.css]
[krakenbox.net/warzone/index.html]
[krakenbox.net/warzone/wp-includes/wlwmanifest.xml]
[krakenbox.net/warzone/wp-json/oembed/1.0/embed769b.json]
[krakenbox.net/warzone/wp-json/oembed/1.0/embed9d7b]
[krakenbox.net/warzone/template-kit/homepage/index.html]
[krakenbox.net/warzone/wp-json/oembed/1.0/embede491.json]
[krakenbox.net/warzone/wp-json/oembed/1.0/embed3a42]
[krakenbox.net/warzone/wp-content/uploads/sites/3/2020/05/slide3-1024x683.jpg]
[krakenbox.net/warzone/template-kit/about-clan/index.html]
[krakenbox.net/warzone/wp-json/oembed/1.0/embede3e5.json]
[krakenbox.net/warzone/wp-json/oembed/1.0/embedc6c9]
[krakenbox.net/warzone/wp-content/uploads/sites/3/2020/05/m4.jpg]
[krakenbox.net/warzone/wp-content/uploads/sites/3/2020/05/m5.jpg]
[krakenbox.net/warzone/wp-content/uploads/sites/3/2020/05/m6.jpg]
[krakenbox.net/warzone/template-kit/our-squad/index.html]
[krakenbox.net/warzone/wp-json/oembed/1.0/embedb1bf.json]
[krakenbox.net/warzone/wp-json/oembed/1.0/embed3589]
[krakenbox.net/warzone/wp-content/uploads/sites/3/elementor/thumbs/m1-oqb0wed7jkvpddhveac8kuohx3gue07p1hj7h0n4e4.jpg]
[krakenbox.net/warzone/template-kit/player-profile/index.html]
[krakenbox.net/warzone/wp-json/oembed/1.0/embed32bb.json]
[krakenbox.net/warzone/wp-json/oembed/1.0/embed669a]
[krakenbox.net/warzone/wp-content/uploads/sites/3/2020/05/team2-150x150.png]
[krakenbox.net/warzone/template-kit/our-matches/index.html]
[krakenbox.net/warzone/wp-json/oembed/1.0/embed6d42.json]
[krakenbox.net/warzone/wp-json/oembed/1.0/embedd024]
[krakenbox.net/warzone/template-kit/our-streams/index.html]
[krakenbox.net/warzone/wp-json/oembed/1.0/embedcb9c.json]
[krakenbox.net/warzone/wp-json/oembed/1.0/embed8fd9]
[krakenbox.net/warzone/wp-content/uploads/sites/3/2020/05/slide8-768x512.jpg]
[krakenbox.net/warzone/wp-content/uploads/sites/3/2020/05/slide7.jpg]
[krakenbox.net/warzone/wp-content/uploads/sites/3/2020/05/slide7-768x512.jpg]
[krakenbox.net/warzone/wp-content/uploads/sites/3/2020/05/slide6-768x512.jpg]
[krakenbox.net/warzone/wp-content/uploads/sites/3/2020/05/slide5-768x512.jpg]
[krakenbox.net/warzone/wp-content/uploads/sites/3/2020/05/slide4.jpg]
[krakenbox.net/warzone/wp-content/uploads/sites/3/2020/05/slide4-768x512.jpg]
[krakenbox.net/warzone/wp-content/uploads/sites/3/2020/05/slide3-768x512.jpg]
[krakenbox.net/warzone/wp-content/uploads/sites/3/2020/05/slide2-768x512.jpg]
[krakenbox.net/warzone/wp-content/uploads/sites/3/2020/05/slide9-768x512.jpg]
[krakenbox.net/warzone/wp-content/uploads/sites/3/2020/05/slide10.jpg]
[krakenbox.net/warzone/wp-content/uploads/sites/3/2020/05/slide10-768x512.jpg]
[krakenbox.net/warzone/template-kit/gallery/index.html]
[krakenbox.net/warzone/wp-json/oembed/1.0/embeddce2.json]
[krakenbox.net/warzone/template-kit/147/index.html]
[krakenbox.net/warzone/wp-json/oembed/1.0/embedb08d]
[krakenbox.net/warzone/template-kit/404-error-page/index.html]
[krakenbox.net/warzone/wp-json/oembed/1.0/embedbd6b.json]
[krakenbox.net/warzone/wp-json/oembed/1.0/embed9dbe]
[krakenbox.net/warzone/template-kit/our-sponsors/index.html]
[krakenbox.net/warzone/wp-content/uploads/sites/3/2020/05/slide6.jpg]
[krakenbox.net/warzone/wp-content/plugins/elementor/assets/lib/eicons/fonts/eiconsf884.svg]
[krakenbox.net/warzone/wp-content/plugins/elementskit-lite/widgets/init/assets/fonts/slick.svg]
[krakenbox.net/warzone/wp-content/plugins/elementor/assets/lib/eicons/fonts/eiconsf884.woff2]
[krakenbox.net/warzone/wp-content/plugins/elementskit-lite/widgets/init/assets/img/cross-out.svg]
[krakenbox.net/warzone/wp-content/plugins/elementskit-lite/libs/framework/assets/js/frontend-script00e2.js]
[krakenbox.net/warzone/wp-content/plugins/elementskit-lite/modules/controls/assets/fonts/elementskit97ac.woff]
[krakenbox.net/warzone/wp-content/plugins/elementskit-lite/modules/controls/assets/css/ekiticonsad76.css]
[krakenbox.net/warzone/wp-content/plugins/elementor/assets/lib/font-awesome/webfonts/fa-solid-900.svg]
[krakenbox.net/warzone/wp-content/plugins/elementor/assets/lib/font-awesome/webfonts/fa-brands-400.svg]
[krakenbox.net/warzone/wp-content/uploads/sites/3/elementor/css/post-76fc9.css]
[krakenbox.net/warzone/indexc4f7.html]
[krakenbox.net/warzone/wp-content/uploads/sites/3/elementor/css/post-667204.css]
[krakenbox.net/warzone/index4f61.html]
[krakenbox.net/warzone/wp-content/uploads/sites/3/elementor/css/post-79abe5.css]
[krakenbox.net/warzone/index6ffe.html]
[krakenbox.net/warzone/wp-content/uploads/sites/3/elementor/css/post-85fd3e.css]
[krakenbox.net/warzone/index648c.html]
[krakenbox.net/warzone/wp-content/uploads/sites/3/elementor/css/post-9618d0.css]
[krakenbox.net/warzone/index6f72.html]
[krakenbox.net/warzone/wp-content/uploads/sites/3/elementor/css/post-101fb00.css]
[krakenbox.net/warzone/index198a.html]
[krakenbox.net/warzone/wp-content/uploads/sites/3/elementor/css/post-106e728.css]
[krakenbox.net/warzone/index153d.html]
[krakenbox.net/warzone/wp-content/uploads/sites/3/elementor/css/post-120329e.css]
[krakenbox.net/warzone/wp-json/oembed/1.0/embedc7ae]
[krakenbox.net/warzone/template-kit/147/index.html]
[krakenbox.net/warzone/index2c90.html]
[krakenbox.net/warzone/wp-content/uploads/sites/3/elementor/css/post-92e0ca.css]
[krakenbox.net/warzone/index8e15.html]
[krakenbox.net/warzone/wp-content/plugins/contact-form-7/includes/css/styles5fba.html]
[krakenbox.net/warzone/template-kit/footer-section/index.html]
[krakenbox.net/warzone/xmlrpc0db0.html]
[krakenbox.net/warzone/wp-content/uploads/sites/3/elementor/css/post-147dc7c.css]
[krakenbox.net/warzone/wp-json/oembed/1.0/embed273d.json]
[krakenbox.net/warzone/wp-json/oembed/1.0/embed2d2d]
[krakenbox.net/warzone/template-kit/footer-section/index.html]
[krakenbox.net/warzone/index2fa7.html]
[krakenbox.net/warzone/template-kit/contact-us/index.html]
[krakenbox.net/warzone/wp-content/plugins/contact-form-7/includes/js/scripts5fba.html]
[krakenbox.net/warzone/wp-content/plugins/header-footer-elementor/inc/images/shade.html]
[krakenbox.net/warzone/wp-content/plugins/elementskit-lite/widgets/init/assets/images/countdown-timer/circle-img-1.html]
[krakenbox.net/warzone/wp-content/plugins/elementskit-lite/widgets/init/assets/images/countdown-timer/circle-img-2.html]
[krakenbox.net/warzone/wp-content/plugins/elementskit-lite/widgets/init/assets/images/countdown-timer/circle-img-3.html]
[krakenbox.net/warzone/wp-content/plugins/elementskit-lite/widgets/init/assets/images/countdown-timer/circle-img-4.html]
[krakenbox.net/warzone/wp-content/plugins/elementskit-lite/widgets/init/assets/images/text-mask-image.html]
[krakenbox.net/warzone/wp-content/plugins/elementskit-lite/widgets/init/assets/images/products/ribbon-background.html]
[krakenbox.net/warzone/wp-content/uploads/sites/3/elementor/css/post-1616d46.css]
[krakenbox.net/warzone/index8816.html]
[krakenbox.net/warzone/wp-json/oembed/1.0/embed6fcb]
